---
source: tests/btor2_test.rs
expression: sys.serialize_to_str(&ctx)
---
decoder_3_to_8.instrumented
input en : bv<1>
input C : bv<1>
input B : bv<1>
input A : bv<1>
node %12 : bv<2> = concat(B, C)
node %13 : bv<3> = concat(A, %12)
node %14 : bv<4> = concat(en, %13)
node %133 : bv<8> = ite(__synth_change_literal_8, __synth_literal_8, 8'b11111111)
node %134 : bv<8> = ite(__synth_change_literal_9, __synth_literal_9, 8'b1111111)
node %135 : bv<4> = ite(__synth_change_literal_7, __synth_literal_7, 4'b1111)
node %136 : bv<1> = eq(%14, %135)
node %137 : bv<8> = ite(%136, %134, %133)
node %138 : bv<8> = ite(__synth_change_literal_10, __synth_literal_10, 8'b10111111)
node %139 : bv<4> = ite(__synth_change_literal_6, __synth_literal_6, 4'b1110)
node %140 : bv<1> = eq(%14, %139)
node %141 : bv<8> = ite(%140, %138, %137)
node %142 : bv<8> = ite(__synth_change_literal_11, __synth_literal_11, 8'b11011111)
node %143 : bv<4> = ite(__synth_change_literal_5, __synth_literal_5, 4'b1101)
node %144 : bv<1> = eq(%14, %143)
node %145 : bv<8> = ite(%144, %142, %141)
node %146 : bv<8> = ite(__synth_change_literal_12, __synth_literal_12, 8'b11101111)
node %147 : bv<4> = ite(__synth_change_literal_4, __synth_literal_4, 4'b1100)
node %148 : bv<1> = eq(%14, %147)
node %149 : bv<8> = ite(%148, %146, %145)
node %150 : bv<8> = ite(__synth_change_literal_13, __synth_literal_13, 8'b11110111)
node %151 : bv<4> = ite(__synth_change_literal_3, __synth_literal_3, 4'b1011)
node %152 : bv<1> = eq(%14, %151)
node %153 : bv<8> = ite(%152, %150, %149)
node %154 : bv<8> = ite(__synth_change_literal_14, __synth_literal_14, 8'b11111011)
node %155 : bv<4> = ite(__synth_change_literal_2, __synth_literal_2, 4'b1010)
node %156 : bv<1> = eq(%14, %155)
node %157 : bv<8> = ite(%156, %154, %153)
node %158 : bv<8> = ite(__synth_change_literal_15, __synth_literal_15, 8'b11111101)
node %159 : bv<4> = ite(__synth_change_literal_1, __synth_literal_1, 4'b1001)
node %160 : bv<1> = eq(%14, %159)
node %161 : bv<8> = ite(%160, %158, %157)
node %162 : bv<8> = ite(__synth_change_literal_16, __synth_literal_16, 8'b11111110)
node %163 : bv<4> = ite(__synth_change_literal_0, __synth_literal_0, 4'b1000)
node %164 : bv<1> = eq(%14, %163)
node %165 : bv<8> = ite(%164, %162, %161)
output Y7 : bv<1> = %165[7]
output Y6 : bv<1> = %165[6]
output Y5 : bv<1> = %165[5]
output Y4 : bv<1> = %165[4]
output Y3 : bv<1> = %165[3]
output Y2 : bv<1> = %165[2]
output Y1 : bv<1> = %165[1]
output Y0 : bv<1> = %165[0]
state __synth_literal_8 : bv<8>
  [next] __synth_literal_8
state __synth_change_literal_8 : bv<1>
  [next] __synth_change_literal_8
state __synth_literal_9 : bv<8>
  [next] __synth_literal_9
state __synth_change_literal_9 : bv<1>
  [next] __synth_change_literal_9
state __synth_literal_7 : bv<4>
  [next] __synth_literal_7
state __synth_change_literal_7 : bv<1>
  [next] __synth_change_literal_7
state __synth_literal_10 : bv<8>
  [next] __synth_literal_10
state __synth_change_literal_10 : bv<1>
  [next] __synth_change_literal_10
state __synth_literal_6 : bv<4>
  [next] __synth_literal_6
state __synth_change_literal_6 : bv<1>
  [next] __synth_change_literal_6
state __synth_literal_11 : bv<8>
  [next] __synth_literal_11
state __synth_change_literal_11 : bv<1>
  [next] __synth_change_literal_11
state __synth_literal_5 : bv<4>
  [next] __synth_literal_5
state __synth_change_literal_5 : bv<1>
  [next] __synth_change_literal_5
state __synth_literal_12 : bv<8>
  [next] __synth_literal_12
state __synth_change_literal_12 : bv<1>
  [next] __synth_change_literal_12
state __synth_literal_4 : bv<4>
  [next] __synth_literal_4
state __synth_change_literal_4 : bv<1>
  [next] __synth_change_literal_4
state __synth_literal_13 : bv<8>
  [next] __synth_literal_13
state __synth_change_literal_13 : bv<1>
  [next] __synth_change_literal_13
state __synth_literal_3 : bv<4>
  [next] __synth_literal_3
state __synth_change_literal_3 : bv<1>
  [next] __synth_change_literal_3
state __synth_literal_14 : bv<8>
  [next] __synth_literal_14
state __synth_change_literal_14 : bv<1>
  [next] __synth_change_literal_14
state __synth_literal_2 : bv<4>
  [next] __synth_literal_2
state __synth_change_literal_2 : bv<1>
  [next] __synth_change_literal_2
state __synth_literal_15 : bv<8>
  [next] __synth_literal_15
state __synth_change_literal_15 : bv<1>
  [next] __synth_change_literal_15
state __synth_literal_1 : bv<4>
  [next] __synth_literal_1
state __synth_change_literal_1 : bv<1>
  [next] __synth_change_literal_1
state __synth_literal_16 : bv<8>
  [next] __synth_literal_16
state __synth_change_literal_16 : bv<1>
  [next] __synth_change_literal_16
state __synth_literal_0 : bv<4>
  [next] __synth_literal_0
state __synth_change_literal_0 : bv<1>
  [next] __synth_change_literal_0

